// Jest Snapshot v1, https://goo.gl/fbAQLP

exports[`Add Property renders the form of add property correctly 1`] = `
<DocumentFragment>
  <div
    class="add-property"
  >
    <h1>
      Add Properties
    </h1>
    <div
      class="form-container"
    >
      <form
        class="form-container-2"
      >
        <div
          class="label-container"
        >
          <label
            class="label-header"
            for="title"
          >
            Title
          </label>
          <input
            id="title"
            name="title"
            placeholder="two bed flat"
            value=""
          />
        </div>
        <div
          class="label-container"
        >
          <label
            class="label-header"
            for="city"
          >
            City
          </label>
          <select
            id="city"
            name="city"
          >
            <option
              value="Manchester"
            >
              Manchester
            </option>
            <option
              value="Leeds"
            >
              Leeds
            </option>
            <option
              value="Sheffield"
            >
              Sheffield
            </option>
            <option
              value="Liverpool"
            >
              Liverpool
            </option>
          </select>
        </div>
        <div
          class="label-container"
        >
          <label
            class="label-header"
            for="type"
          >
            Property type
          </label>
          <select
            id="type"
            name="type"
          >
            <option
              value="Detached"
            >
              Detached
            </option>
            <option
              value="Semi-Detached"
            >
              Semi-Detached
            </option>
            <option
              value="Terraced"
            >
              Terraced
            </option>
            <option
              value="End of Terrace"
            >
              End of Terrace
            </option>
            <option
              value="Cottage"
            >
              Cottage
            </option>
            <option
              value="Bungalow"
            >
              Bungalow
            </option>
          </select>
        </div>
        <div
          class="label-container"
        >
          <label
            class="label-header"
            for="bedrooms"
          >
            No. of bedrooms
          </label>
          <select
            id="bedrooms"
            name="bedrooms"
          >
            <option
              value="1"
            >
              1
            </option>
            <option
              value="2"
            >
              2
            </option>
            <option
              value="3"
            >
              3
            </option>
            <option
              value="4"
            >
              4
            </option>
            <option
              value="5"
            >
              5
            </option>
            <option
              value=">5"
            >
              &gt; 5
            </option>
          </select>
        </div>
        <div
          class="label-container"
        >
          <label
            class="label-header"
            for="bathrooms"
          >
            No. of bathrooms
          </label>
          <select
            id="bathrooms"
            name="bathrooms"
          >
            <option
              value="1"
            >
              1
            </option>
            <option
              value="2"
            >
              2
            </option>
            <option
              value="3"
            >
              3
            </option>
          </select>
        </div>
        <div
          class="label-container"
        >
          <label
            class="label-header"
            for="price"
          >
            Price (Â£)
          </label>
          <input
            id="price"
            name="price"
            placeholder="1000"
            value="0"
          />
        </div>
        <div
          class="label-container"
        >
          <label
            class="label-header"
            for="email"
          >
            Email
          </label>
          <input
            id="email"
            name="email"
            placeholder="suet0913@hotmail.com"
            value=""
          />
        </div>
        <button
          class="submit-button"
          type="submit"
        >
          Add property
        </button>
      </form>
    </div>
  </div>
</DocumentFragment>
`;
