// Jest Snapshot v1, https://goo.gl/fbAQLP

exports[`NavBar renders navbar correctly 1`] = `
<DocumentFragment>
  <div
    class="navbar"
  >
    <img
      alt="home_image"
      src="home.png"
    />
    <ul
      class="navbar-links"
    >
      <li
        class="narbar-links-item"
      >
        <a
          class="narbar-links__text"
          href="/"
        >
          View Properties
        </a>
      </li>
      <li
        class="narbar-links-item"
      >
        <a
          class="narbar-links__text"
          href="/add_property"
        >
          Add Properties
        </a>
      </li>
    </ul>
  </div>
</DocumentFragment>
`;
